// Jest Snapshot v1, https://goo.gl/fbAQLP

exports[`Components - Button:  should match the snapshot for type = primary 1`] = `
<DocumentFragment>
  <button
    style="margin-left: 10px; color: rgb(255, 255, 255); background-color: rgb(64, 158, 255); padding: 12px 20px; font-size: 14px; border-radius: 4px; outline: none; border: 1px solid #dcdfe6; cursor: pointer;"
  >
    primary Button
  </button>
</DocumentFragment>
`;
